
[["c";"e"];["a";"d";"g"];["b";"c";"f"];["a";"d";"f"];["b";"g"];["d";"e";"g"]]