
Name: c, id: 3

┌───────────┐
│ 10        │
├─────┬┬────┤
│TOP:5││LEN:│
├─┬──┬┴┼────┤
│U│D │L│R   │
├─┼──┼─┼────┤
│5│28│ │    │
└─┴──┴─┴────┘